All Package Pins report for UART_APB_Interface
Sat Sep  6 16:20:33 2025
Quartus Prime Version 24.1std.0 Build 1077 03/04/2025 SC Lite Edition


---------------------
; Table of Contents ;
---------------------
  1. Legal Notice
  2. All Package Pins



----------------
; Legal Notice ;
----------------
Copyright (C) 2025  Altera Corporation. All rights reserved.
Your use of Altera Corporation's design tools, logic functions 
and other software and tools, and any partner logic 
functions, and any output files from any of the foregoing 
(including device programming or simulation files), and any 
associated documentation or information are expressly subject 
to the terms and conditions of the Altera Program License 
Subscription Agreement, the Altera Quartus Prime License Agreement,
the Altera IP License Agreement, or other applicable license
agreement, including, without limitation, that your use is for
the sole purpose of programming logic devices manufactured by
Altera and sold by Altera or its authorized distributors.  Please
refer to the Altera Software License Subscription Agreements 
on the Quartus Prime software download page.



+-----------------------------------------------------------------------------------------------------------------------------------------------------------------------------+
; All Package Pins                                                                                                                                                            ;
+----------+------------+----------+---------------------------------+--------+--------------+---------------------+--------------+-----------------+----------+--------------+
; Location ; Pad Number ; I/O Bank ; Pin Name/Usage                  ; Dir.   ; I/O Standard ; Voltage             ; I/O Type     ; User Assignment ; Bus Hold ; Weak Pull Up ;
+----------+------------+----------+---------------------------------+--------+--------------+---------------------+--------------+-----------------+----------+--------------+
; A1       ;            ;          ; GND                             ;        ;              ;                     ; --           ;                 ; --       ; --           ;
; A2       ;            ;          ; DNU                             ;        ;              ;                     ; --           ;                 ; --       ; --           ;
; A3       ; 262        ; 8A       ; RESERVED_INPUT_WITH_WEAK_PULLUP ;        ;              ;                     ; Column I/O   ;                 ; no       ; On           ;
; A4       ; 258        ; 8A       ; RESERVED_INPUT_WITH_WEAK_PULLUP ;        ;              ;                     ; Column I/O   ;                 ; no       ; On           ;
; A5       ; 256        ; 8A       ; RESERVED_INPUT_WITH_WEAK_PULLUP ;        ;              ;                     ; Column I/O   ;                 ; no       ; On           ;
; A6       ;            ;          ; GND                             ; gnd    ;              ;                     ; --           ;                 ; --       ; --           ;
; A7       ; 257        ; 8A       ; RESERVED_INPUT_WITH_WEAK_PULLUP ;        ;              ;                     ; Column I/O   ;                 ; no       ; On           ;
; A8       ; 252        ; 8A       ; RESERVED_INPUT_WITH_WEAK_PULLUP ;        ;              ;                     ; Column I/O   ;                 ; no       ; On           ;
; A9       ; 254        ; 8A       ; PRDATA[12]                      ; output ; 2.5 V        ;                     ; Column I/O   ; N               ; no       ; Off          ;
; A10      ; 250        ; 7A       ; RESERVED_INPUT_WITH_WEAK_PULLUP ;        ;              ;                     ; Column I/O   ;                 ; no       ; On           ;
; A11      ;            ;          ; GND                             ; gnd    ;              ;                     ; --           ;                 ; --       ; --           ;
; A12      ; 242        ; 7A       ; PRDATA[28]                      ; output ; 2.5 V        ;                     ; Column I/O   ; N               ; no       ; Off          ;
; A13      ; 240        ; 7A       ; PRDATA[16]                      ; output ; 2.5 V        ;                     ; Column I/O   ; N               ; no       ; Off          ;
; A14      ; 238        ; 7A       ; PWDATA[1]                       ; input  ; 2.5 V        ;                     ; Column I/O   ; N               ; no       ; Off          ;
; A15      ; 236        ; 7A       ; PRDATA[1]                       ; output ; 2.5 V        ;                     ; Column I/O   ; N               ; no       ; Off          ;
; A16      ;            ;          ; GND                             ; gnd    ;              ;                     ; --           ;                 ; --       ; --           ;
; B1       ;            ;          ; GND                             ; gnd    ;              ;                     ; --           ;                 ; --       ; --           ;
; B2       ;            ;          ; DNU                             ;        ;              ;                     ; --           ;                 ; --       ; --           ;
; B3       ; 260        ; 8A       ; RESERVED_INPUT_WITH_WEAK_PULLUP ;        ;              ;                     ; Column I/O   ;                 ; no       ; On           ;
; B4       ;            ; 8A       ; VCCIO8A                         ; power  ;              ; 2.5V                ; --           ;                 ; --       ; --           ;
; B5       ;            ; 8A       ; VREFB8AN0                       ; power  ;              ;                     ; --           ;                 ; --       ; --           ;
; B6       ; 265        ; 8A       ; RESERVED_INPUT_WITH_WEAK_PULLUP ;        ;              ;                     ; Column I/O   ;                 ; no       ; On           ;
; B7       ; 263        ; 8A       ; RESERVED_INPUT_WITH_WEAK_PULLUP ;        ;              ;                     ; Column I/O   ;                 ; no       ; On           ;
; B8       ; 255        ; 8A       ; PADDR[16]                       ; input  ; 2.5 V        ;                     ; Column I/O   ; N               ; no       ; Off          ;
; B9       ;            ;          ; GND                             ; gnd    ;              ;                     ; --           ;                 ; --       ; --           ;
; B10      ; 248        ; 7A       ; RESERVED_INPUT_WITH_WEAK_PULLUP ;        ;              ;                     ; Column I/O   ;                 ; no       ; On           ;
; B11      ; 246        ; 7A       ; PWDATA[9]                       ; input  ; 2.5 V        ;                     ; Column I/O   ; N               ; no       ; Off          ;
; B12      ; 244        ; 7A       ; PWDATA[14]                      ; input  ; 2.5 V        ;                     ; Column I/O   ; N               ; no       ; Off          ;
; B13      ;            ; 7A       ; VREFB7AN0                       ; power  ;              ;                     ; --           ;                 ; --       ; --           ;
; B14      ;            ; 7A       ; VCCIO7A                         ; power  ;              ; 2.5V                ; --           ;                 ; --       ; --           ;
; B15      ; 179        ; 5B       ; PRDATA[2]                       ; output ; 2.5 V        ;                     ; Row I/O      ; N               ; no       ; Off          ;
; B16      ; 175        ; 5B       ; PWRITE                          ; input  ; 2.5 V        ;                     ; Row I/O      ; N               ; no       ; Off          ;
; C1       ; 284        ; 9A       ; ^CONF_DONE                      ;        ;              ;                     ; --           ;                 ; --       ; --           ;
; C2       ;            ;          ; GND                             ; gnd    ;              ;                     ; --           ;                 ; --       ; --           ;
; C3       ; 264        ; 8A       ; RESERVED_INPUT_WITH_WEAK_PULLUP ;        ;              ;                     ; Column I/O   ;                 ; no       ; On           ;
; C4       ; 266        ; 8A       ; RESERVED_INPUT_WITH_WEAK_PULLUP ;        ;              ;                     ; Column I/O   ;                 ; no       ; On           ;
; C5       ;            ; --       ; VCCBAT                          ; power  ;              ; 1.2V                ; --           ;                 ; --       ; --           ;
; C6       ;            ; --       ; VCCPGM                          ; power  ;              ; 1.8V/2.5V/3.0V/3.3V ; --           ;                 ; --       ; --           ;
; C7       ;            ; 8A       ; VCCIO8A                         ; power  ;              ; 2.5V                ; --           ;                 ; --       ; --           ;
; C8       ;            ;          ; DNU                             ;        ;              ;                     ; --           ;                 ; --       ; --           ;
; C9       ; 249        ; 7A       ; RESERVED_INPUT_WITH_WEAK_PULLUP ;        ;              ;                     ; Column I/O   ;                 ; no       ; On           ;
; C10      ; 247        ; 7A       ; PRDATA[31]                      ; output ; 2.5 V        ;                     ; Column I/O   ; N               ; no       ; Off          ;
; C11      ; 241        ; 7A       ; PWDATA[24]                      ; input  ; 2.5 V        ;                     ; Column I/O   ; N               ; no       ; Off          ;
; C12      ;            ; 7A       ; VCCIO7A                         ; power  ;              ; 2.5V                ; --           ;                 ; --       ; --           ;
; C13      ;            ;          ; DNU                             ;        ;              ;                     ; --           ;                 ; --       ; --           ;
; C14      ; 202        ; 7A       ; ^GND                            ;        ;              ;                     ; --           ;                 ; --       ; --           ;
; C15      ; 181        ; 5B       ; PWDATA[4]                       ; input  ; 2.5 V        ;                     ; Row I/O      ; N               ; no       ; Off          ;
; C16      ; 177        ; 5B       ; PRDATA[13]                      ; output ; 2.5 V        ;                     ; Row I/O      ; N               ; no       ; Off          ;
; D1       ; 286        ; 9A       ; ^nSTATUS                        ;        ;              ;                     ; --           ;                 ; --       ; --           ;
; D2       ; 288        ; 9A       ; ^MSEL2                          ;        ;              ;                     ; --           ;                 ; --       ; --           ;
; D3       ; 290        ; 9A       ; ^nCONFIG                        ;        ;              ;                     ; --           ;                 ; --       ; --           ;
; D4       ; 292        ; 9A       ; ^GND                            ;        ;              ;                     ; --           ;                 ; --       ; --           ;
; D5       ;            ;          ; GND                             ; gnd    ;              ;                     ; --           ;                 ; --       ; --           ;
; D6       ;            ; --       ; VCC_AUX                         ; power  ;              ; 2.5V                ; --           ;                 ; --       ; --           ;
; D7       ; 261        ; 8A       ; RESERVED_INPUT_WITH_WEAK_PULLUP ;        ;              ;                     ; Column I/O   ;                 ; no       ; On           ;
; D8       ; 259        ; 8A       ; RESERVED_INPUT_WITH_WEAK_PULLUP ;        ;              ;                     ; Column I/O   ;                 ; no       ; On           ;
; D9       ;            ; --       ; VCC_AUX                         ; power  ;              ; 2.5V                ; --           ;                 ; --       ; --           ;
; D10      ;            ;          ; GND                             ; gnd    ;              ;                     ; --           ;                 ; --       ; --           ;
; D11      ; 239        ; 7A       ; PRDATA[26]                      ; output ; 2.5 V        ;                     ; Column I/O   ; N               ; no       ; Off          ;
; D12      ;            ; --       ; VCC_AUX                         ; power  ;              ; 2.5V                ; --           ;                 ; --       ; --           ;
; D13      ; 176        ; 5B       ; PWDATA[19]                      ; input  ; 2.5 V        ;                     ; Row I/O      ; N               ; no       ; Off          ;
; D14      ; 183        ; 5B       ; PREADY                          ; output ; 2.5 V        ;                     ; Row I/O      ; N               ; no       ; Off          ;
; D15      ;            ; 5B       ; VCCIO5B                         ; power  ;              ; 2.5V                ; --           ;                 ; --       ; --           ;
; D16      ; 173        ; 5B       ; PRDATA[3]                       ; output ; 2.5 V        ;                     ; Row I/O      ; N               ; no       ; Off          ;
; E1       ; 287        ; 9A       ; ^nCE                            ;        ;              ;                     ; --           ;                 ; --       ; --           ;
; E2       ; 21         ; 2A       ; PADDR[13]                       ; input  ; 2.5 V        ;                     ; Row I/O      ; N               ; no       ; Off          ;
; E3       ;            ;          ; GND                             ; gnd    ;              ;                     ; --           ;                 ; --       ; --           ;
; E4       ; 285        ; 9A       ; ^MSEL1                          ;        ;              ;                     ; --           ;                 ; --       ; --           ;
; E5       ; 283        ; 9A       ; ^MSEL0                          ;        ;              ;                     ; --           ;                 ; --       ; --           ;
; E6       ; 289        ; 9A       ; ^MSEL3                          ;        ;              ;                     ; --           ;                 ; --       ; --           ;
; E7       ;            ; 7A, 8A   ; VCCPD7A8A                       ; power  ;              ; 2.5V                ; --           ;                 ; --       ; --           ;
; E8       ;            ;          ; GND                             ; gnd    ;              ;                     ; --           ;                 ; --       ; --           ;
; E9       ; 245        ; 7A       ; PRDATA[5]                       ; output ; 2.5 V        ;                     ; Column I/O   ; N               ; no       ; Off          ;
; E10      ; 243        ; 7A       ; PWDATA[18]                      ; input  ; 2.5 V        ;                     ; Column I/O   ; N               ; no       ; Off          ;
; E11      ;            ; 7A, 8A   ; VCCPD7A8A                       ; power  ;              ; 2.5V                ; --           ;                 ; --       ; --           ;
; E12      ; 174        ; 5B       ; PWDATA[17]                      ; input  ; 2.5 V        ;                     ; Row I/O      ; N               ; no       ; Off          ;
; E13      ;            ;          ; GND                             ; gnd    ;              ;                     ; --           ;                 ; --       ; --           ;
; E14      ;            ; 5B       ; VREFB5BN0                       ; power  ;              ;                     ; --           ;                 ; --       ; --           ;
; E15      ; 185        ; 5B       ; PWDATA[2]                       ; input  ; 2.5 V        ;                     ; Row I/O      ; N               ; no       ; Off          ;
; E16      ; 171        ; 5B       ; PRDATA[7]                       ; output ; 2.5 V        ;                     ; Row I/O      ; N               ; no       ; Off          ;
; F1       ;            ;          ; GND                             ; gnd    ;              ;                     ; --           ;                 ; --       ; --           ;
; F2       ; 23         ; 2A       ; PADDR[14]                       ; input  ; 2.5 V        ;                     ; Row I/O      ; N               ; no       ; Off          ;
; F3       ; 16         ; 2A       ; RESERVED_INPUT_WITH_WEAK_PULLUP ;        ;              ;                     ; Row I/O      ;                 ; no       ; On           ;
; F4       ; 18         ; 2A       ; PADDR[9]                        ; input  ; 2.5 V        ;                     ; Row I/O      ; N               ; no       ; Off          ;
; F5       ;            ; --       ; VCCA_FPLL                       ; power  ;              ; 2.5V                ; --           ;                 ; --       ; --           ;
; F6       ; 291        ; 9A       ; ^MSEL4                          ;        ;              ;                     ; --           ;                 ; --       ; --           ;
; F7       ; 253        ; 8A       ; RESERVED_INPUT_WITH_WEAK_PULLUP ;        ;              ;                     ; Column I/O   ;                 ; no       ; On           ;
; F8       ; 251        ; 8A       ; RESERVED_INPUT_WITH_WEAK_PULLUP ;        ;              ;                     ; Column I/O   ;                 ; no       ; On           ;
; F9       ;            ; --       ; VCC                             ; power  ;              ; 1.1V                ; --           ;                 ; --       ; --           ;
; F10      ; 237        ; 7A       ; PADDR[0]                        ; input  ; 2.5 V        ;                     ; Column I/O   ; N               ; no       ; Off          ;
; F11      ; 235        ; 7A       ; PRDATA[20]                      ; output ; 2.5 V        ;                     ; Column I/O   ; N               ; no       ; Off          ;
; F12      ; 170        ; 5B       ; PCLK                            ; input  ; 2.5 V        ;                     ; Row I/O      ; N               ; no       ; Off          ;
; F13      ;            ; --       ; VCCA_FPLL                       ; power  ;              ; 2.5V                ; --           ;                 ; --       ; --           ;
; F14      ; 182        ; 5B       ; PWDATA[3]                       ; input  ; 2.5 V        ;                     ; Row I/O      ; N               ; no       ; Off          ;
; F15      ; 184        ; 5B       ; PWDATA[26]                      ; input  ; 2.5 V        ;                     ; Row I/O      ; N               ; no       ; Off          ;
; F16      ;            ;          ; GND                             ; gnd    ;              ;                     ; --           ;                 ; --       ; --           ;
; G1       ; 24         ; 2A       ; RESERVED_INPUT_WITH_WEAK_PULLUP ;        ;              ;                     ; Row I/O      ;                 ; no       ; On           ;
; G2       ; 26         ; 2A       ; PWDATA[8]                       ; input  ; 2.5 V        ;                     ; Row I/O      ; N               ; no       ; Off          ;
; G3       ; 17         ; 2A       ; rx                              ; input  ; 2.5 V        ;                     ; Row I/O      ; N               ; no       ; Off          ;
; G4       ;            ;          ; GND                             ; gnd    ;              ;                     ; --           ;                 ; --       ; --           ;
; G5       ;            ; --       ; VCCA_FPLL                       ; power  ;              ; 2.5V                ; --           ;                 ; --       ; --           ;
; G6       ;            ; --       ; VCC                             ; power  ;              ; 1.1V                ; --           ;                 ; --       ; --           ;
; G7       ;            ;          ; GND                             ; gnd    ;              ;                     ; --           ;                 ; --       ; --           ;
; G8       ;            ; --       ; VCC                             ; power  ;              ; 1.1V                ; --           ;                 ; --       ; --           ;
; G9       ;            ;          ; GND                             ; gnd    ;              ;                     ; --           ;                 ; --       ; --           ;
; G10      ;            ; --       ; VCC                             ; power  ;              ; 1.1V                ; --           ;                 ; --       ; --           ;
; G11      ;            ;          ; GND                             ; gnd    ;              ;                     ; --           ;                 ; --       ; --           ;
; G12      ; 172        ; 5B       ; PRESETn                         ; input  ; 2.5 V        ;                     ; Row I/O      ; N               ; no       ; Off          ;
; G13      ; 180        ; 5B       ; PRDATA[30]                      ; output ; 2.5 V        ;                     ; Row I/O      ; N               ; no       ; Off          ;
; G14      ;            ; 5B       ; VCCIO5B                         ; power  ;              ; 2.5V                ; --           ;                 ; --       ; --           ;
; G15      ; 162        ; 5A       ; PWDATA[21]                      ; input  ; 2.5 V        ;                     ; Row I/O      ; N               ; no       ; Off          ;
; G16      ; 164        ; 5A       ; PWDATA[30]                      ; input  ; 2.5 V        ;                     ; Row I/O      ; N               ; no       ; Off          ;
; H1       ; 29         ; 2A       ; PWDATA[6]                       ; input  ; 2.5 V        ;                     ; Row I/O      ; N               ; no       ; Off          ;
; H2       ;            ; 2A       ; VCCIO2A                         ; power  ;              ; 2.5V                ; --           ;                 ; --       ; --           ;
; H3       ; 19         ; 2A       ; RESERVED_INPUT_WITH_WEAK_PULLUP ;        ;              ;                     ; Row I/O      ;                 ; no       ; On           ;
; H4       ; 20         ; 2A       ; PADDR[10]                       ; input  ; 2.5 V        ;                     ; Row I/O      ; N               ; no       ; Off          ;
; H5       ; 22         ; 2A       ; PADDR[12]                       ; input  ; 2.5 V        ;                     ; Row I/O      ; N               ; no       ; Off          ;
; H6       ;            ;          ; GND                             ; gnd    ;              ;                     ; --           ;                 ; --       ; --           ;
; H7       ;            ; --       ; VCC                             ; power  ;              ; 1.1V                ; --           ;                 ; --       ; --           ;
; H8       ;            ;          ; GND                             ; gnd    ;              ;                     ; --           ;                 ; --       ; --           ;
; H9       ;            ; --       ; VCC                             ; power  ;              ; 1.1V                ; --           ;                 ; --       ; --           ;
; H10      ;            ;          ; GND                             ; gnd    ;              ;                     ; --           ;                 ; --       ; --           ;
; H11      ;            ; --       ; VCC                             ; power  ;              ; 1.1V                ; --           ;                 ; --       ; --           ;
; H12      ;            ;          ; GND                             ; gnd    ;              ;                     ; --           ;                 ; --       ; --           ;
; H13      ; 178        ; 5B       ; PRDATA[18]                      ; output ; 2.5 V        ;                     ; Row I/O      ; N               ; no       ; Off          ;
; H14      ;            ; 5B       ; VCCPD5B                         ; power  ;              ; 2.5V                ; --           ;                 ; --       ; --           ;
; H15      ; 168        ; 5A       ; tx                              ; output ; 2.5 V        ;                     ; Row I/O      ; N               ; no       ; Off          ;
; H16      ; 158        ; 5A       ; PADDR[1]                        ; input  ; 2.5 V        ;                     ; Row I/O      ; N               ; no       ; Off          ;
; J1       ; 31         ; 2A       ; PENABLE                         ; input  ; 2.5 V        ;                     ; Row I/O      ; N               ; no       ; Off          ;
; J2       ; 25         ; 2A       ; PWDATA[13]                      ; input  ; 2.5 V        ;                     ; Row I/O      ; N               ; no       ; Off          ;
; J3       ; 27         ; 2A       ; PRDATA[4]                       ; output ; 2.5 V        ;                     ; Row I/O      ; N               ; no       ; Off          ;
; J4       ;            ; 1A, 2A   ; VCCPD1A2A                       ; power  ;              ; 2.5V                ; --           ;                 ; --       ; --           ;
; J5       ;            ;          ; GND                             ; gnd    ;              ;                     ; --           ;                 ; --       ; --           ;
; J6       ;            ; --       ; VCC                             ; power  ;              ; 1.1V                ; --           ;                 ; --       ; --           ;
; J7       ;            ;          ; GND                             ; gnd    ;              ;                     ; --           ;                 ; --       ; --           ;
; J8       ;            ; --       ; VCC                             ; power  ;              ; 1.1V                ; --           ;                 ; --       ; --           ;
; J9       ;            ;          ; GND                             ; gnd    ;              ;                     ; --           ;                 ; --       ; --           ;
; J10      ;            ; --       ; VCC                             ; power  ;              ; 1.1V                ; --           ;                 ; --       ; --           ;
; J11      ;            ;          ; GND                             ; gnd    ;              ;                     ; --           ;                 ; --       ; --           ;
; J12      ; 165        ; 5A       ; PWDATA[29]                      ; input  ; 2.5 V        ;                     ; Row I/O      ; N               ; no       ; Off          ;
; J13      ;            ; 5A       ; VCCPD5A                         ; power  ;              ; 2.5V                ; --           ;                 ; --       ; --           ;
; J14      ; 166        ; 5A       ; PWDATA[0]                       ; input  ; 2.5 V        ;                     ; Row I/O      ; N               ; no       ; Off          ;
; J15      ;            ; 5A       ; VCCIO5A                         ; power  ;              ; 2.5V                ; --           ;                 ; --       ; --           ;
; J16      ; 160        ; 5A       ; PADDR[2]                        ; input  ; 2.5 V        ;                     ; Row I/O      ; N               ; no       ; Off          ;
; K1       ; 55         ; 3A       ; ^AS_DATA1, DATA1                ;        ;              ;                     ; Weak Pull Up ;                 ; --       ; On           ;
; K2       ;            ; 2A       ; VREFB2AN0                       ; power  ;              ;                     ; --           ;                 ; --       ; --           ;
; K3       ;            ; 2A       ; VCCIO2A                         ; power  ;              ; 2.5V                ; --           ;                 ; --       ; --           ;
; K4       ; 28         ; 2A       ; PWDATA[7]                       ; input  ; 2.5 V        ;                     ; Row I/O      ; N               ; no       ; Off          ;
; K5       ; 30         ; 2A       ; PADDR[11]                       ; input  ; 2.5 V        ;                     ; Row I/O      ; N               ; no       ; Off          ;
; K6       ;            ;          ; GND                             ; gnd    ;              ;                     ; --           ;                 ; --       ; --           ;
; K7       ;            ; --       ; VCC                             ; power  ;              ; 1.1V                ; --           ;                 ; --       ; --           ;
; K8       ;            ;          ; GND                             ; gnd    ;              ;                     ; --           ;                 ; --       ; --           ;
; K9       ;            ; --       ; VCC                             ; power  ;              ; 1.1V                ; --           ;                 ; --       ; --           ;
; K10      ;            ;          ; GND                             ; gnd    ;              ;                     ; --           ;                 ; --       ; --           ;
; K11      ;            ; --       ; VCC                             ; power  ;              ; 1.1V                ; --           ;                 ; --       ; --           ;
; K12      ; 163        ; 5A       ; PWDATA[22]                      ; input  ; 2.5 V        ;                     ; Row I/O      ; N               ; no       ; Off          ;
; K13      ;            ;          ; GND                             ; gnd    ;              ;                     ; --           ;                 ; --       ; --           ;
; K14      ; 157        ; 5A       ; PRDATA[6]                       ; output ; 2.5 V        ;                     ; Row I/O      ; N               ; no       ; Off          ;
; K15      ; 167        ; 5A       ; PWDATA[28]                      ; input  ; 2.5 V        ;                     ; Row I/O      ; N               ; no       ; Off          ;
; K16      ; 169        ; 5A       ; PRDATA[24]                      ; output ; 2.5 V        ;                     ; Row I/O      ; N               ; no       ; Off          ;
; L1       ;            ;          ; GND                             ; gnd    ;              ;                     ; --           ;                 ; --       ; --           ;
; L2       ; 53         ; 3A       ; ^AS_DATA2, DATA2                ;        ;              ;                     ; Weak Pull Up ;                 ; --       ; On           ;
; L3       ; 49         ; 3A       ; ^nCSO, DATA4                    ;        ;              ;                     ; Weak Pull Up ;                 ; --       ; On           ;
; L4       ; 54         ; 3A       ; #TDI                            ; input  ;              ;                     ; --           ;                 ; --       ; --           ;
; L5       ;            ; --       ; VCCA_FPLL                       ; power  ;              ; 2.5V                ; --           ;                 ; --       ; --           ;
; L6       ; 50         ; 3A       ; #TMS                            ; input  ;              ;                     ; --           ;                 ; --       ; --           ;
; L7       ; 64         ; 3A       ; PADDR[21]                       ; input  ; 2.5 V        ;                     ; Column I/O   ; N               ; no       ; Off          ;
; L8       ;            ; --       ; VCC                             ; power  ;              ; 1.1V                ; --           ;                 ; --       ; --           ;
; L9       ; 96         ; 3B       ; PADDR[27]                       ; input  ; 2.5 V        ;                     ; Column I/O   ; N               ; no       ; Off          ;
; L10      ; 112        ; 4A       ; PRDATA[9]                       ; output ; 2.5 V        ;                     ; Column I/O   ; N               ; no       ; Off          ;
; L11      ;            ;          ; GND                             ; gnd    ;              ;                     ; --           ;                 ; --       ; --           ;
; L12      ;            ; --       ; VCCA_FPLL                       ; power  ;              ; 2.5V                ; --           ;                 ; --       ; --           ;
; L13      ; 155        ; 5A       ; PWDATA[25]                      ; input  ; 2.5 V        ;                     ; Row I/O      ; N               ; no       ; Off          ;
; L14      ; 159        ; 5A       ; PWDATA[12]                      ; input  ; 2.5 V        ;                     ; Row I/O      ; N               ; no       ; Off          ;
; L15      ; 161        ; 5A       ; PWDATA[20]                      ; input  ; 2.5 V        ;                     ; Row I/O      ; N               ; no       ; Off          ;
; L16      ;            ; 5A       ; VCCIO5A                         ; power  ;              ; 2.5V                ; --           ;                 ; --       ; --           ;
; M1       ; 57         ; 3A       ; ^AS_DATA0, ASDO, DATA0          ;        ;              ;                     ; Weak Pull Up ;                 ; --       ; On           ;
; M2       ; 51         ; 3A       ; ^AS_DATA3, DATA3                ;        ;              ;                     ; Weak Pull Up ;                 ; --       ; On           ;
; M3       ; 52         ; 3A       ; #TCK                            ; input  ;              ;                     ; --           ;                 ; --       ; --           ;
; M4       ;            ;          ; GND                             ; gnd    ;              ;                     ; --           ;                 ; --       ; --           ;
; M5       ; 56         ; 3A       ; ^DCLK                           ;        ;              ;                     ; Weak Pull Up ;                 ; --       ; On           ;
; M6       ; 48         ; 3A       ; #TDO                            ; output ;              ;                     ; --           ;                 ; --       ; --           ;
; M7       ; 62         ; 3A       ; PADDR[24]                       ; input  ; 2.5 V        ;                     ; Column I/O   ; N               ; no       ; Off          ;
; M8       ; 94         ; 3B       ; PADDR[31]                       ; input  ; 2.5 V        ;                     ; Column I/O   ; N               ; no       ; Off          ;
; M9       ;            ;          ; GND                             ; gnd    ;              ;                     ; --           ;                 ; --       ; --           ;
; M10      ; 110        ; 4A       ; PRDATA[14]                      ; output ; 2.5 V        ;                     ; Column I/O   ; N               ; no       ; Off          ;
; M11      ; 117        ; 4A       ; PWDATA[23]                      ; input  ; 2.5 V        ;                     ; Column I/O   ; N               ; no       ; Off          ;
; M12      ; 115        ; 4A       ; PRDATA[25]                      ; output ; 2.5 V        ;                     ; Column I/O   ; N               ; no       ; Off          ;
; M13      ; 111        ; 4A       ; PWDATA[16]                      ; input  ; 2.5 V        ;                     ; Column I/O   ; N               ; no       ; Off          ;
; M14      ;            ;          ; GND                             ; gnd    ;              ;                     ; --           ;                 ; --       ; --           ;
; M15      ;            ; --       ; VCCPGM                          ; power  ;              ; 1.8V/2.5V/3.0V/3.3V ; --           ;                 ; --       ; --           ;
; M16      ;            ; 5A       ; VREFB5AN0                       ; power  ;              ;                     ; --           ;                 ; --       ; --           ;
; N1       ; 59         ; 3A       ; PADDR[22]                       ; input  ; 2.5 V        ;                     ; Column I/O   ; N               ; no       ; Off          ;
; N2       ;            ;          ; GND                             ; gnd    ;              ;                     ; --           ;                 ; --       ; --           ;
; N3       ; 68         ; 3A       ; PADDR[26]                       ; input  ; 2.5 V        ;                     ; Column I/O   ; N               ; no       ; Off          ;
; N4       ; 58         ; 3A       ; RESERVED_INPUT_WITH_WEAK_PULLUP ;        ;              ;                     ; Column I/O   ;                 ; no       ; On           ;
; N5       ;            ; --       ; VCC_AUX                         ; power  ;              ; 2.5V                ; --           ;                 ; --       ; --           ;
; N6       ;            ; 3A       ; VCCPD3A                         ; power  ;              ; 2.5V                ; --           ;                 ; --       ; --           ;
; N7       ;            ; 3A       ; VCCIO3A                         ; power  ;              ; 2.5V                ; --           ;                 ; --       ; --           ;
; N8       ;            ; 3B, 4A   ; VCCPD3B4A                       ; power  ;              ; 2.5V                ; --           ;                 ; --       ; --           ;
; N9       ;            ; --       ; VCC_AUX                         ; power  ;              ; 2.5V                ; --           ;                 ; --       ; --           ;
; N10      ;            ; 3B, 4A   ; VCCPD3B4A                       ; power  ;              ; 2.5V                ; --           ;                 ; --       ; --           ;
; N11      ; 120        ; 4A       ; PWDATA[5]                       ; input  ; 2.5 V        ;                     ; Column I/O   ; N               ; no       ; Off          ;
; N12      ;            ; 4A       ; VCCIO4A                         ; power  ;              ; 2.5V                ; --           ;                 ; --       ; --           ;
; N13      ;            ; --       ; VCC_AUX                         ; power  ;              ; 2.5V                ; --           ;                 ; --       ; --           ;
; N14      ; 113        ; 4A       ; PRDATA[19]                      ; output ; 2.5 V        ;                     ; Column I/O   ; N               ; no       ; Off          ;
; N15      ; 154        ; 5A       ; PSEL                            ; input  ; 2.5 V        ;                     ; Row I/O      ; N               ; no       ; Off          ;
; N16      ; 156        ; 5A       ; PRDATA[0]                       ; output ; 2.5 V        ;                     ; Row I/O      ; N               ; no       ; Off          ;
; P1       ; 61         ; 3A       ; RESERVED_INPUT_WITH_WEAK_PULLUP ;        ;              ;                     ; Column I/O   ;                 ; no       ; On           ;
; P2       ; 65         ; 3A       ; PADDR[8]                        ; input  ; 2.5 V        ;                     ; Column I/O   ; N               ; no       ; Off          ;
; P3       ; 66         ; 3A       ; PRDATA[21]                      ; output ; 2.5 V        ;                     ; Column I/O   ; N               ; no       ; Off          ;
; P4       ; 60         ; 3A       ; RESERVED_INPUT_WITH_WEAK_PULLUP ;        ;              ;                     ; Column I/O   ;                 ; no       ; On           ;
; P5       ;            ;          ; GND                             ; gnd    ;              ;                     ; --           ;                 ; --       ; --           ;
; P6       ;            ; --       ; VCCPGM                          ; power  ;              ; 1.8V/2.5V/3.0V/3.3V ; --           ;                 ; --       ; --           ;
; P7       ; 72         ; 3A       ; PADDR[28]                       ; input  ; 2.5 V        ;                     ; Column I/O   ; N               ; no       ; Off          ;
; P8       ; 93         ; 3B       ; PADDR[20]                       ; input  ; 2.5 V        ;                     ; Column I/O   ; N               ; no       ; Off          ;
; P9       ; 104        ; 3B       ; PWDATA[27]                      ; input  ; 2.5 V        ;                     ; Column I/O   ; N               ; no       ; Off          ;
; P10      ;            ;          ; GND                             ; gnd    ;              ;                     ; --           ;                 ; --       ; --           ;
; P11      ; 118        ; 4A       ; PWDATA[15]                      ; input  ; 2.5 V        ;                     ; Column I/O   ; N               ; no       ; Off          ;
; P12      ;            ; 4A       ; VREFB4AN0                       ; power  ;              ;                     ; --           ;                 ; --       ; --           ;
; P13      ; 116        ; 4A       ; PRDATA[17]                      ; output ; 2.5 V        ;                     ; Column I/O   ; N               ; no       ; Off          ;
; P14      ; 114        ; 4A       ; PRDATA[29]                      ; output ; 2.5 V        ;                     ; Column I/O   ; N               ; no       ; Off          ;
; P15      ;            ; 4A       ; VCCIO4A                         ; power  ;              ; 2.5V                ; --           ;                 ; --       ; --           ;
; P16      ; 108        ; 4A       ; PWDATA[31]                      ; input  ; 2.5 V        ;                     ; Column I/O   ; N               ; no       ; Off          ;
; R1       ; 63         ; 3A       ; PADDR[25]                       ; input  ; 2.5 V        ;                     ; Column I/O   ; N               ; no       ; Off          ;
; R2       ; 69         ; 3A       ; PWDATA[10]                      ; input  ; 2.5 V        ;                     ; Column I/O   ; N               ; no       ; Off          ;
; R3       ;            ; 3A       ; VCCIO3A                         ; power  ;              ; 2.5V                ; --           ;                 ; --       ; --           ;
; R4       ; 73         ; 3A       ; PADDR[18]                       ; input  ; 2.5 V        ;                     ; Column I/O   ; N               ; no       ; Off          ;
; R5       ;            ; 3A       ; VREFB3AN0                       ; power  ;              ;                     ; --           ;                 ; --       ; --           ;
; R6       ; 70         ; 3A       ; PADDR[15]                       ; input  ; 2.5 V        ;                     ; Column I/O   ; N               ; no       ; Off          ;
; R7       ; 91         ; 3B       ; PADDR[19]                       ; input  ; 2.5 V        ;                     ; Column I/O   ; N               ; no       ; Off          ;
; R8       ;            ; 3B       ; VCCIO3B                         ; power  ;              ; 2.5V                ; --           ;                 ; --       ; --           ;
; R9       ; 102        ; 3B       ; PRDATA[15]                      ; output ; 2.5 V        ;                     ; Column I/O   ; N               ; no       ; Off          ;
; R10      ; 105        ; 3B       ; PRDATA[8]                       ; output ; 2.5 V        ;                     ; Column I/O   ; N               ; no       ; Off          ;
; R11      ; 98         ; 3B       ; PADDR[3]                        ; input  ; 2.5 V        ;                     ; Column I/O   ; N               ; no       ; Off          ;
; R12      ; 100        ; 3B       ; PRDATA[11]                      ; output ; 2.5 V        ;                     ; Column I/O   ; N               ; no       ; Off          ;
; R13      ;            ;          ; GND                             ; gnd    ;              ;                     ; --           ;                 ; --       ; --           ;
; R14      ; 121        ; 4A       ; PRDATA[27]                      ; output ; 2.5 V        ;                     ; Column I/O   ; N               ; no       ; Off          ;
; R15      ; 106        ; 4A       ; PRDATA[10]                      ; output ; 2.5 V        ;                     ; Column I/O   ; N               ; no       ; Off          ;
; R16      ; 109        ; 4A       ; PRDATA[22]                      ; output ; 2.5 V        ;                     ; Column I/O   ; N               ; no       ; Off          ;
; T1       ;            ;          ; GND                             ; gnd    ;              ;                     ; --           ;                 ; --       ; --           ;
; T2       ; 67         ; 3A       ; PADDR[23]                       ; input  ; 2.5 V        ;                     ; Column I/O   ; N               ; no       ; Off          ;
; T3       ; 71         ; 3A       ; RESERVED_INPUT_WITH_WEAK_PULLUP ;        ;              ;                     ; Column I/O   ;                 ; no       ; On           ;
; T4       ; 92         ; 3B       ; PADDR[6]                        ; input  ; 2.5 V        ;                     ; Column I/O   ; N               ; no       ; Off          ;
; T5       ; 90         ; 3B       ; PADDR[17]                       ; input  ; 2.5 V        ;                     ; Column I/O   ; N               ; no       ; Off          ;
; T6       ;            ;          ; GND                             ; gnd    ;              ;                     ; --           ;                 ; --       ; --           ;
; T7       ; 95         ; 3B       ; PADDR[30]                       ; input  ; 2.5 V        ;                     ; Column I/O   ; N               ; no       ; Off          ;
; T8       ; 97         ; 3B       ; PADDR[29]                       ; input  ; 2.5 V        ;                     ; Column I/O   ; N               ; no       ; Off          ;
; T9       ;            ; 3B       ; VREFB3BN0                       ; power  ;              ;                     ; --           ;                 ; --       ; --           ;
; T10      ; 103        ; 3B       ; PADDR[7]                        ; input  ; 2.5 V        ;                     ; Column I/O   ; N               ; no       ; Off          ;
; T11      ;            ; 3B       ; VCCIO3B                         ; power  ;              ; 2.5V                ; --           ;                 ; --       ; --           ;
; T12      ; 99         ; 3B       ; PADDR[4]                        ; input  ; 2.5 V        ;                     ; Column I/O   ; N               ; no       ; Off          ;
; T13      ; 101        ; 3B       ; PADDR[5]                        ; input  ; 2.5 V        ;                     ; Column I/O   ; N               ; no       ; Off          ;
; T14      ; 119        ; 4A       ; PWDATA[11]                      ; input  ; 2.5 V        ;                     ; Column I/O   ; N               ; no       ; Off          ;
; T15      ; 107        ; 4A       ; PRDATA[23]                      ; output ; 2.5 V        ;                     ; Column I/O   ; N               ; no       ; Off          ;
; T16      ;            ;          ; GND                             ; gnd    ;              ;                     ; --           ;                 ; --       ; --           ;
+----------+------------+----------+---------------------------------+--------+--------------+---------------------+--------------+-----------------+----------+--------------+
Note: Pin directions (input, output or bidir) are based on device operating in user mode.


